// Jest Snapshot v1, https://goo.gl/fbAQLP

exports[`SelectResource component Snapshot 1`] = `
<div>
  <div
    class="MuiPaper-root makeStyles-paper-1 MuiPaper-elevation1 MuiPaper-rounded"
  >
    <label
      class="MuiFormLabel-root MuiInputLabel-root MuiInputLabel-animated"
    >
      Выбери объект
    </label>
    <div
      class="MuiInputBase-root MuiInput-root MuiInput-underline"
    >
      <div
        aria-haspopup="listbox"
        class="MuiSelect-root MuiSelect-select MuiSelect-selectMenu MuiInputBase-input MuiInput-input"
        role="button"
        tabindex="0"
      >
        Персонажи
      </div>
      <input
        aria-hidden="true"
        class="MuiSelect-nativeInput"
        tabindex="-1"
        value="people"
      />
      <svg
        aria-hidden="true"
        class="MuiSvgIcon-root MuiSelect-icon"
        focusable="false"
        viewBox="0 0 24 24"
      >
        <path
          d="M7 10l5 5 5-5z"
        />
      </svg>
    </div>
  </div>
</div>
`;
